// Jest Snapshot v1, https://goo.gl/fbAQLP

exports[`MyComponent renders correctly 1`] = `
<View>
  <View
    accessibilityState={
      {
        "busy": undefined,
        "checked": undefined,
        "disabled": undefined,
        "expanded": undefined,
        "selected": undefined,
      }
    }
    accessibilityValue={
      {
        "max": undefined,
        "min": undefined,
        "now": undefined,
        "text": undefined,
      }
    }
    accessible={true}
    collapsable={false}
    focusable={true}
    onBlur={[Function]}
    onClick={[Function]}
    onFocus={[Function]}
    onResponderGrant={[Function]}
    onResponderMove={[Function]}
    onResponderRelease={[Function]}
    onResponderTerminate={[Function]}
    onResponderTerminationRequest={[Function]}
    onStartShouldSetResponder={[Function]}
    style={
      {
        "alignItems": "center",
        "backgroundColor": "#30C2E3",
        "borderRadius": 15,
        "justifyContent": "center",
        "marginTop": 80,
      }
    }
  >
    <Text
      style={
        {
          "borderRadius": 5,
          "color": "white",
          "fontSize": 18,
          "paddingHorizontal": 8,
          "paddingVertical": 12,
          "textTransform": "uppercase",
        }
      }
    >
      Submit
    </Text>
  </View>
</View>
`;
