// Jest Snapshot v1, https://goo.gl/fbAQLP

exports[`Small Button Component renders correctly 1`] = `
<View>
  <View
    accessibilityState={
      {
        "busy": undefined,
        "checked": undefined,
        "disabled": undefined,
        "expanded": undefined,
        "selected": undefined,
      }
    }
    accessibilityValue={
      {
        "max": undefined,
        "min": undefined,
        "now": undefined,
        "text": undefined,
      }
    }
    accessible={true}
    collapsable={false}
    focusable={true}
    onBlur={[Function]}
    onClick={[Function]}
    onFocus={[Function]}
    onResponderGrant={[Function]}
    onResponderMove={[Function]}
    onResponderRelease={[Function]}
    onResponderTerminate={[Function]}
    onResponderTerminationRequest={[Function]}
    onStartShouldSetResponder={[Function]}
    style={
      {
        "borderColor": "#30C2E3",
        "borderRadius": 10,
        "borderWidth": 1,
        "flex": 2,
        "flexDirection": "row",
        "height": 21,
        "justifyContent": "space-between",
        "marginVertical": 3,
        "width": 120,
      }
    }
  >
    <View>
      <Text
        style={
          {
            "color": "#30C2E3",
            "paddingHorizontal": 5,
            "paddingVertical": 5,
          }
        }
      >
        Submit
      </Text>
    </View>
    <View
      style={
        {
          "fontSize": 20,
          "paddingHorizontal": 3,
          "paddingVertical": 10,
        }
      }
    >
      <Image
        source={1}
      />
    </View>
  </View>
</View>
`;
